// Jest Snapshot v1, https://goo.gl/fbAQLP

exports[`render ExpenseList with expenses 1`] = `
<div>
  <ExpenseListItem
    amount={123}
    createdAt={0}
    description="Gum"
    id="1"
    key="1"
    note=""
  />
  <ExpenseListItem
    amount={123000}
    createdAt={-345600000}
    description="Rent"
    id="2"
    key="2"
    note=""
  />
  <ExpenseListItem
    amount={234}
    createdAt={345600000}
    description="Credit Card"
    id="3"
    key="3"
    note=""
  />
</div>
`;

exports[`render ExpenseList with no expenses 1`] = `
<div>
  <p>
     No Expense 
  </p>
</div>
`;
