// Jest Snapshot v1, https://goo.gl/fbAQLP

exports[`correctly render LoginPage 1`] = `
<div
  className="box-layout"
>
  <div
    className="box-layout__box"
  >
    <h1
      className="box-layout__title"
    >
       Expensify 
    </h1>
    <p>
       It's time to get your expense under control. 
    </p>
    <button
      className="button"
    >
      Login with Google
    </button>
  </div>
</div>
`;

exports[`render page correctly 1`] = `
<div
  className="loader"
>
  <img
    className="loader__image"
    src="/images/loader.gif"
  />
</div>
`;
